// Jest Snapshot v1, https://goo.gl/fbAQLP

exports[`when rendered with required props renders the input 1`] = `
<input
  decimals={2}
  onChange={[Function]}
  pattern="\\\\d*"
  type="number"
  value=""
/>
`;
